---
source: pyo3-stub-gen-derive/src/gen_stub.rs
expression: formatted
---
#[automatically_derived]
pyo3_stub_gen::inventory::submit! {
    ::pyo3_stub_gen::type_info::PyFunctionInfo { name : "overload_example_2", parameters
    : & [::pyo3_stub_gen::type_info::ParameterInfo { name : "ob", kind :
    ::pyo3_stub_gen::type_info::ParameterKind::PositionalOrKeyword, type_info : ||
    ::pyo3_stub_gen::TypeInfo { name : "int".to_string(), import :
    ::std::collections::HashSet::from([]) }, default :
    ::pyo3_stub_gen::type_info::ParameterDefault::None, }], r#return : ||
    ::pyo3_stub_gen::TypeInfo { name : "int".to_string(), import :
    ::std::collections::HashSet::from([]) }, doc : "Increments integer by 1", module :
    None, is_async : false, deprecated : None, type_ignored : None, is_overload : true,
    file : file!(), line : line!(), column : column!(), index : 0usize, }
}
#[automatically_derived]
pyo3_stub_gen::inventory::submit! {
    ::pyo3_stub_gen::type_info::PyFunctionInfo { name : "overload_example_2", parameters
    : & [::pyo3_stub_gen::type_info::ParameterInfo { name : "ob", kind :
    ::pyo3_stub_gen::type_info::ParameterKind::PositionalOrKeyword, type_info : ||
    ::pyo3_stub_gen::TypeInfo { name : "float".to_string(), import :
    ::std::collections::HashSet::from([]) }, default :
    ::pyo3_stub_gen::type_info::ParameterDefault::None, }], r#return : ||
    ::pyo3_stub_gen::TypeInfo { name : "float".to_string(), import :
    ::std::collections::HashSet::from([]) }, doc : "Increments float by 1", module :
    None, is_async : false, deprecated : None, type_ignored : None, is_overload : true,
    file : file!(), line : line!(), column : column!(), index : 1usize, }
}
#[pyfunction]
pub fn overload_example_2(ob: Bound<PyAny>) -> PyResult<PyObject> {
    let py = ob.py();
    Ok(ob.into_py_any(py)?)
}
